
Run     SWR     Gain    F/B     F/R     R-a     X-a     Eff.    %Res.   %Stp  L       

1-0     1.4106  0       0       0       69.212  -6.666  100     0    	0    	0.0559  
1       1.4112  0       0       0       69.428  -6.204  100     -3e-4	0.1  	0.056   
1-1                                                                           -1      

1-2     2.7124  0       0       0       50.395  -52.19  100     -0.66	10   	0.0503  
2       1.4112  0       0       0       69.428  -6.204  100     -3e-4	0.1  	0.056   
2-1                                                                           -1      

2-2     1.4635  0       0       0       65.022  -15.86  100     -0.03	2    	0.0548  
3       1.4112  0       0       0       69.428  -6.204  100     -3e-4	0.1  	0.056   
3-1                                                                           -1      

3-2     1.4111  0       0       0       68.354  -8.512  100     -3e-4	0.4  	0.0557  
4       1.4111  0       0       0       69.388  -6.291  100     -3e-4	0.08 	0.0559  
4-1                                                                           -1      

4-2     1.4103  0       0       0       69.041  -7.033  100     1.e-4	0.08 	0.0559  
4-3     1.4102  0       0       0       68.872  -7.396  100     5.e-5	0.08 	0.0558  
4-4     1.4103  0       0       0       68.698  -7.77   100     -5e-5	0.08 	0.0558  
5       1.4102  0       0       0       68.872  -7.396  100     5.e-5	0.08 	0.0558  
5-1                                                                           1       

5-2     1.4102  0       0       0       68.742  -7.676  100     2.e-5	0.02 	0.0558  
5-3     1.4102  0       0       0       68.782  -7.589  100     2.e-5	0.02 	0.0558  
5-4     1.4102  0       0       0       68.826  -7.494  100     1.e-5	0.02 	0.0558  
6       1.4102  0       0       0       68.872  -7.396  100     4.e-6	0.02 	0.0558  
6-1                                                                           1       

