
Run     SWR     Gain    F/B     F/R     R-a     X-a     Eff.    %Res.   %Stp  DW      DL      H       

1-0     1.1654  0       0       0       42.968  -0.992  100     0    	0    	4.2e-3  3.4e-3  9.4e-3  
1       1.1654  0       0       0       42.957  -0.907  100     -3e-6	0.1  	4.2e-3  3.4e-3  9.4e-3  
1       1.1679  0       0       0       42.855  -0.828  100     -1e-3	0.1  	4.2e-3  3.4e-3  9.4e-3  
1       1.1638  0       0       0       43.015  -0.875  100     8.e-4	0.1  	4.2e-3  3.4e-3  9.5e-3  
1-1                                                                           -4.e-3  -1.817  1.1792  

1-2     1.896   0       0       0       88.218  -20.17  100     -0.37	10   	4.2e-3  2.7e-3  0.0106  
2       1.1654  0       0       0       42.957  -0.907  100     -3e-6	0.1  	4.2e-3  3.4e-3  9.4e-3  
2       1.1679  0       0       0       42.855  -0.828  100     -1e-3	0.1  	4.2e-3  3.4e-3  9.4e-3  
2       1.1638  0       0       0       43.015  -0.875  100     8.e-4	0.1  	4.2e-3  3.4e-3  9.5e-3  
2-1                                                                           -4.e-3  -1.817  1.1792  

2-2     1.1036  0       0       0       49.232  -4.833  100     0.031	2    	4.2e-3  3.2e-3  9.7e-3  
2-3     1.2214  0       0       0       56.407  -8.492  100     -0.06	2    	4.2e-3  3.1e-3  9.9e-3  
3       1.2189  0       0       0       56.386  -8.37   100     1.e-3	0.1  	4.2e-3  3.1e-3  9.9e-3  
3       1.2161  0       0       0       56.239  -8.309  100     3.e-3	0.1  	4.2e-3  3.1e-3  9.9e-3  
3       1.2191  0       0       0       56.456  -8.336  100     1.e-3	0.1  	4.2e-3  3.1e-3  9.9e-3  
3-1                                                                           0.7413  1.5863  0.6724  

3-2     1.0378  0       0       0       51.776  0.6454  100     0.092	2    	4.2e-3  3.2e-3  0.01    
3-3     1.211   0       0       0       47.908  9.1489  100     -0.09	2    	4.3e-3  3.3e-3  0.0102  
4       1.2131  0       0       0       47.897  9.2311  100     -1e-3	0.1  	4.3e-3  3.3e-3  0.0102  
4       1.217   0       0       0       47.751  9.3445  100     -3e-3	0.1  	4.3e-3  3.3e-3  0.0102  
4       1.2139  0       0       0       47.961  9.2849  100     -1e-3	0.1  	4.3e-3  3.3e-3  0.0102  
4-1                                                                           -0.568  -1.646  -0.786  

4-2     1.1541  0       0       0       48.823  6.99    100     0.029	0.5  	4.3e-3  3.3e-3  0.0101  
4-3     1.1011  0       0       0       49.786  4.8037  100     0.027	0.5  	4.3e-3  3.3e-3  0.0101  
4-4     1.0548  0       0       0       50.803  2.5645  100     0.023	0.5  	4.2e-3  3.2e-3  0.01    
4-5     1.0381  0       0       0       51.885  0.2838  100     8.e-3	0.5  	4.2e-3  3.2e-3  0.01    
4-6     1.0723  0       0       0       52.975  -2.012  100     -0.02	0.5  	4.2e-3  3.2e-3  1.e-2   
5       1.071   0       0       0       52.96   -1.921  100     7.e-4	0.1  	4.2e-3  3.2e-3  1.e-2   
5       1.0679  0       0       0       52.827  -1.844  100     2.e-3	0.1  	4.2e-3  3.2e-3  1.e-2   
5       1.0715  0       0       0       53.026  -1.865  100     4.e-4	0.1  	4.2e-3  3.2e-3  1.e-2   
5-1                                                                           0.5985  2.0306  0.3709  

5-2     1.0595  0       0       0       52.598  -1.424  100     6.e-3	0.125	4.2e-3  3.2e-3  1.e-2   
5-3     1.0476  0       0       0       52.226  -0.838  100     6.e-3	0.125	4.2e-3  3.2e-3  1.e-2   
5-4     1.0374  0       0       0       51.851  -0.248  100     5.e-3	0.125	4.2e-3  3.2e-3  1.e-2   
5-5     1.0305  0       0       0       51.491  0.3303  100     3.e-3	0.125	4.2e-3  3.2e-3  1.e-2   
5-6     1.0288  0       0       0       51.084  0.9441  100     9.e-4	0.125	4.2e-3  3.2e-3  1.e-2   
5-7     1.034   0       0       0       50.734  1.5138  100     -3e-3	0.125	4.2e-3  3.2e-3  1.e-2   
6       1.0291  0       0       0       51.081  0.9662  100     -1e-4	0.025	4.2e-3  3.2e-3  1.e-2   
6       1.0288  0       0       0       51.084  0.9441  100     0    	0.025	4.2e-3  3.2e-3  1.e-2   
6       1.0297  0       0       0       51.1    0.9871  100     -4e-4	0.025	4.2e-3  3.2e-3  1.e-2   
6-1                                                                           -0.7    0       -2.3    

6-2     1.0286  0       0       0       51.079  0.9297  100     1.e-4	6.e-3	4.2e-3  3.2e-3  1.e-2   
